-- Install configuration: ""
-- Up-to-date: /home/ebrahim/Desktop/ros2/install/lunabotics_model/share/lunabotics_model/urdf
-- Installing: /home/ebrahim/Desktop/ros2/install/lunabotics_model/share/lunabotics_model/urdf/assembly_1.urdf
-- Up-to-date: /home/ebrahim/Desktop/ros2/install/lunabotics_model/share/lunabotics_model/launch
-- Up-to-date: /home/ebrahim/Desktop/ros2/install/lunabotics_model/share/lunabotics_model/launch/display.launch.py
-- Up-to-date: /home/ebrahim/Desktop/ros2/install/lunabotics_model/share/lunabotics_model/meshes
-- Installing: /home/ebrahim/Desktop/ros2/install/lunabotics_model/share/lunabotics_model/meshes/_30___30___403.stl
-- Installing: /home/ebrahim/Desktop/ros2/install/lunabotics_model/share/lunabotics_model/meshes/wheel_Mirrored.stl
-- Installing: /home/ebrahim/Desktop/ros2/install/lunabotics_model/share/lunabotics_model/meshes/wheel.stl
-- Installing: /home/ebrahim/Desktop/ros2/install/lunabotics_model/share/lunabotics_model/meshes/_57BLR70_24_02_HG50_P6.stl
-- Installing: /home/ebrahim/Desktop/ros2/install/lunabotics_model/share/lunabotics_model/meshes/_57BLR70_24_02_HG50_P4.stl
-- Installing: /home/ebrahim/Desktop/ros2/install/lunabotics_model/share/lunabotics_model/meshes/bucket.stl
-- Installing: /home/ebrahim/Desktop/ros2/install/lunabotics_model/share/lunabotics_model/meshes/flange.stl
-- Installing: /home/ebrahim/Desktop/ros2/install/lunabotics_model/share/lunabotics_model/meshes/_57BLR70_24_02_HG50_P2.stl
-- Installing: /home/ebrahim/Desktop/ros2/install/lunabotics_model/share/lunabotics_model/meshes/_57BLR50_24_01_P1_Back.stl
-- Installing: /home/ebrahim/Desktop/ros2/install/lunabotics_model/share/lunabotics_model/meshes/_57BLR70_24_02_HG50_P5.stl
-- Installing: /home/ebrahim/Desktop/ros2/install/lunabotics_model/share/lunabotics_model/meshes/_30___30___700.stl
-- Installing: /home/ebrahim/Desktop/ros2/install/lunabotics_model/share/lunabotics_model/meshes/_57BLR70_24_02_HG50_P3.stl
-- Installing: /home/ebrahim/Desktop/ros2/install/lunabotics_model/share/lunabotics_model/meshes/_40___40___1.stl
-- Installing: /home/ebrahim/Desktop/ros2/install/lunabotics_model/share/lunabotics_model/meshes/_30___30___1.stl
-- Installing: /home/ebrahim/Desktop/ros2/install/lunabotics_model/share/lunabotics_model/meshes/_30___60___400.stl
-- Installing: /home/ebrahim/Desktop/ros2/install/lunabotics_model/share/lunabotics_model/meshes/electronics.stl
-- Installing: /home/ebrahim/Desktop/ros2/install/lunabotics_model/share/lunabotics_model/meshes/_30___30___2.stl
-- Installing: /home/ebrahim/Desktop/ros2/install/lunabotics_model/share/lunabotics_model/meshes/_40___40___407.stl
-- Installing: /home/ebrahim/Desktop/ros2/install/lunabotics_model/share/lunabotics_model/meshes/_57BLR50_24_01_P1_Back_Mirrored.stl
-- Up-to-date: /home/ebrahim/Desktop/ros2/install/lunabotics_model/share/lunabotics_model/rviz
-- Up-to-date: /home/ebrahim/Desktop/ros2/install/lunabotics_model/share/ament_index/resource_index/package_run_dependencies/lunabotics_model
-- Up-to-date: /home/ebrahim/Desktop/ros2/install/lunabotics_model/share/ament_index/resource_index/parent_prefix_path/lunabotics_model
-- Up-to-date: /home/ebrahim/Desktop/ros2/install/lunabotics_model/share/lunabotics_model/environment/ament_prefix_path.sh
-- Up-to-date: /home/ebrahim/Desktop/ros2/install/lunabotics_model/share/lunabotics_model/environment/ament_prefix_path.dsv
-- Up-to-date: /home/ebrahim/Desktop/ros2/install/lunabotics_model/share/lunabotics_model/environment/path.sh
-- Up-to-date: /home/ebrahim/Desktop/ros2/install/lunabotics_model/share/lunabotics_model/environment/path.dsv
-- Up-to-date: /home/ebrahim/Desktop/ros2/install/lunabotics_model/share/lunabotics_model/local_setup.bash
-- Up-to-date: /home/ebrahim/Desktop/ros2/install/lunabotics_model/share/lunabotics_model/local_setup.fish
-- Up-to-date: /home/ebrahim/Desktop/ros2/install/lunabotics_model/share/lunabotics_model/local_setup.sh
-- Up-to-date: /home/ebrahim/Desktop/ros2/install/lunabotics_model/share/lunabotics_model/local_setup.zsh
-- Up-to-date: /home/ebrahim/Desktop/ros2/install/lunabotics_model/share/lunabotics_model/local_setup.dsv
-- Up-to-date: /home/ebrahim/Desktop/ros2/install/lunabotics_model/share/lunabotics_model/package.dsv
-- Up-to-date: /home/ebrahim/Desktop/ros2/install/lunabotics_model/share/ament_index/resource_index/packages/lunabotics_model
-- Up-to-date: /home/ebrahim/Desktop/ros2/install/lunabotics_model/share/lunabotics_model/cmake/lunabotics_modelConfig.cmake
-- Up-to-date: /home/ebrahim/Desktop/ros2/install/lunabotics_model/share/lunabotics_model/cmake/lunabotics_modelConfig-version.cmake
-- Up-to-date: /home/ebrahim/Desktop/ros2/install/lunabotics_model/share/lunabotics_model/package.xml
