[0.033s] Invoking command in '/home/ebrahim/Desktop/ros2/build/lunabotics_model': CMAKE_PREFIX_PATH=${CMAKE_PREFIX_PATH}:/opt/ros/lyrical DEBUGINFOD_URLS=https://debuginfod.ubuntu.com /usr/bin/cmake --build /home/ebrahim/Desktop/ros2/build/lunabotics_model -- -j6 -l6
[0.487s] Invoked command in '/home/ebrahim/Desktop/ros2/build/lunabotics_model' returned '0': CMAKE_PREFIX_PATH=${CMAKE_PREFIX_PATH}:/opt/ros/lyrical DEBUGINFOD_URLS=https://debuginfod.ubuntu.com /usr/bin/cmake --build /home/ebrahim/Desktop/ros2/build/lunabotics_model -- -j6 -l6
[0.502s] Invoking command in '/home/ebrahim/Desktop/ros2/build/lunabotics_model': CMAKE_PREFIX_PATH=${CMAKE_PREFIX_PATH}:/opt/ros/lyrical DEBUGINFOD_URLS=https://debuginfod.ubuntu.com /usr/bin/cmake --install /home/ebrahim/Desktop/ros2/build/lunabotics_model
[0.517s] -- Install configuration: ""
[0.517s] -- Up-to-date: /home/ebrahim/Desktop/ros2/install/lunabotics_model/share/lunabotics_model/urdf
[0.518s] -- Installing: /home/ebrahim/Desktop/ros2/install/lunabotics_model/share/lunabotics_model/urdf/assembly_1.urdf
[0.520s] -- Up-to-date: /home/ebrahim/Desktop/ros2/install/lunabotics_model/share/lunabotics_model/launch
[0.520s] -- Up-to-date: /home/ebrahim/Desktop/ros2/install/lunabotics_model/share/lunabotics_model/launch/display.launch.py
[0.520s] -- Up-to-date: /home/ebrahim/Desktop/ros2/install/lunabotics_model/share/lunabotics_model/meshes
[0.521s] -- Installing: /home/ebrahim/Desktop/ros2/install/lunabotics_model/share/lunabotics_model/meshes/_30___30___403.stl
[0.521s] -- Installing: /home/ebrahim/Desktop/ros2/install/lunabotics_model/share/lunabotics_model/meshes/wheel_Mirrored.stl
[0.525s] -- Installing: /home/ebrahim/Desktop/ros2/install/lunabotics_model/share/lunabotics_model/meshes/wheel.stl
[0.529s] -- Installing: /home/ebrahim/Desktop/ros2/install/lunabotics_model/share/lunabotics_model/meshes/_57BLR70_24_02_HG50_P6.stl
[0.531s] -- Installing: /home/ebrahim/Desktop/ros2/install/lunabotics_model/share/lunabotics_model/meshes/_57BLR70_24_02_HG50_P4.stl
[0.531s] -- Installing: /home/ebrahim/Desktop/ros2/install/lunabotics_model/share/lunabotics_model/meshes/bucket.stl
[0.531s] -- Installing: /home/ebrahim/Desktop/ros2/install/lunabotics_model/share/lunabotics_model/meshes/flange.stl
[0.532s] -- Installing: /home/ebrahim/Desktop/ros2/install/lunabotics_model/share/lunabotics_model/meshes/_57BLR70_24_02_HG50_P2.stl
[0.532s] -- Installing: /home/ebrahim/Desktop/ros2/install/lunabotics_model/share/lunabotics_model/meshes/_57BLR50_24_01_P1_Back.stl
[0.534s] -- Installing: /home/ebrahim/Desktop/ros2/install/lunabotics_model/share/lunabotics_model/meshes/_57BLR70_24_02_HG50_P5.stl
[0.535s] -- Installing: /home/ebrahim/Desktop/ros2/install/lunabotics_model/share/lunabotics_model/meshes/_30___30___700.stl
[0.535s] -- Installing: /home/ebrahim/Desktop/ros2/install/lunabotics_model/share/lunabotics_model/meshes/_57BLR70_24_02_HG50_P3.stl
[0.535s] -- Installing: /home/ebrahim/Desktop/ros2/install/lunabotics_model/share/lunabotics_model/meshes/_40___40___1.stl
[0.536s] -- Installing: /home/ebrahim/Desktop/ros2/install/lunabotics_model/share/lunabotics_model/meshes/_30___30___1.stl
[0.536s] -- Installing: /home/ebrahim/Desktop/ros2/install/lunabotics_model/share/lunabotics_model/meshes/_30___60___400.stl
[0.536s] -- Installing: /home/ebrahim/Desktop/ros2/install/lunabotics_model/share/lunabotics_model/meshes/electronics.stl
[0.536s] -- Installing: /home/ebrahim/Desktop/ros2/install/lunabotics_model/share/lunabotics_model/meshes/_30___30___2.stl
[0.537s] -- Installing: /home/ebrahim/Desktop/ros2/install/lunabotics_model/share/lunabotics_model/meshes/_40___40___407.stl
[0.537s] -- Installing: /home/ebrahim/Desktop/ros2/install/lunabotics_model/share/lunabotics_model/meshes/_57BLR50_24_01_P1_Back_Mirrored.stl
[0.540s] -- Up-to-date: /home/ebrahim/Desktop/ros2/install/lunabotics_model/share/lunabotics_model/rviz
[0.540s] -- Up-to-date: /home/ebrahim/Desktop/ros2/install/lunabotics_model/share/ament_index/resource_index/package_run_dependencies/lunabotics_model
[0.541s] -- Up-to-date: /home/ebrahim/Desktop/ros2/install/lunabotics_model/share/ament_index/resource_index/parent_prefix_path/lunabotics_model
[0.541s] -- Up-to-date: /home/ebrahim/Desktop/ros2/install/lunabotics_model/share/lunabotics_model/environment/ament_prefix_path.sh
[0.541s] -- Up-to-date: /home/ebrahim/Desktop/ros2/install/lunabotics_model/share/lunabotics_model/environment/ament_prefix_path.dsv
[0.541s] -- Up-to-date: /home/ebrahim/Desktop/ros2/install/lunabotics_model/share/lunabotics_model/environment/path.sh
[0.541s] -- Up-to-date: /home/ebrahim/Desktop/ros2/install/lunabotics_model/share/lunabotics_model/environment/path.dsv
[0.541s] -- Up-to-date: /home/ebrahim/Desktop/ros2/install/lunabotics_model/share/lunabotics_model/local_setup.bash
[0.541s] -- Up-to-date: /home/ebrahim/Desktop/ros2/install/lunabotics_model/share/lunabotics_model/local_setup.fish
[0.542s] -- Up-to-date: /home/ebrahim/Desktop/ros2/install/lunabotics_model/share/lunabotics_model/local_setup.sh
[0.542s] -- Up-to-date: /home/ebrahim/Desktop/ros2/install/lunabotics_model/share/lunabotics_model/local_setup.zsh
[0.542s] -- Up-to-date: /home/ebrahim/Desktop/ros2/install/lunabotics_model/share/lunabotics_model/local_setup.dsv
[0.542s] -- Up-to-date: /home/ebrahim/Desktop/ros2/install/lunabotics_model/share/lunabotics_model/package.dsv
[0.542s] -- Up-to-date: /home/ebrahim/Desktop/ros2/install/lunabotics_model/share/ament_index/resource_index/packages/lunabotics_model
[0.542s] -- Up-to-date: /home/ebrahim/Desktop/ros2/install/lunabotics_model/share/lunabotics_model/cmake/lunabotics_modelConfig.cmake
[0.542s] -- Up-to-date: /home/ebrahim/Desktop/ros2/install/lunabotics_model/share/lunabotics_model/cmake/lunabotics_modelConfig-version.cmake
[0.543s] -- Up-to-date: /home/ebrahim/Desktop/ros2/install/lunabotics_model/share/lunabotics_model/package.xml
[0.550s] Invoked command in '/home/ebrahim/Desktop/ros2/build/lunabotics_model' returned '0': CMAKE_PREFIX_PATH=${CMAKE_PREFIX_PATH}:/opt/ros/lyrical DEBUGINFOD_URLS=https://debuginfod.ubuntu.com /usr/bin/cmake --install /home/ebrahim/Desktop/ros2/build/lunabotics_model
