[0.014s] Invoking command in '/home/ebrahim/Desktop/ros2/build/lunabotics_model': CMAKE_PREFIX_PATH=${CMAKE_PREFIX_PATH}:/opt/ros/lyrical DEBUGINFOD_URLS=https://debuginfod.ubuntu.com /usr/bin/cmake /home/ebrahim/Desktop/ros2/src/lunabotics_model -DCMAKE_INSTALL_PREFIX=/home/ebrahim/Desktop/ros2/install/lunabotics_model
[0.027s] -- Found ament_cmake: 2.8.7 (/opt/ros/lyrical/share/ament_cmake/cmake)
[0.247s] -- Found ament_lint_auto: 0.20.6 (/opt/ros/lyrical/share/ament_lint_auto/cmake)
[0.406s] -- Added test 'flake8' to check Python code syntax and style conventions
[0.407s] -- Configured 'flake8' exclude dirs and/or files: 
[0.407s] -- Added test 'lint_cmake' to check CMake code style
[0.409s] -- Added test 'pep257' to check Python code against some of the docstring style conventions in PEP 257
[0.411s] -- Added test 'xmllint' to check XML markup files
[0.413s] -- Configuring done (0.4s)
[0.416s] -- Generating done (0.0s)
[0.418s] -- Build files have been written to: /home/ebrahim/Desktop/ros2/build/lunabotics_model
[0.424s] Invoked command in '/home/ebrahim/Desktop/ros2/build/lunabotics_model' returned '0': CMAKE_PREFIX_PATH=${CMAKE_PREFIX_PATH}:/opt/ros/lyrical DEBUGINFOD_URLS=https://debuginfod.ubuntu.com /usr/bin/cmake /home/ebrahim/Desktop/ros2/src/lunabotics_model -DCMAKE_INSTALL_PREFIX=/home/ebrahim/Desktop/ros2/install/lunabotics_model
[0.424s] Invoking command in '/home/ebrahim/Desktop/ros2/build/lunabotics_model': CMAKE_PREFIX_PATH=${CMAKE_PREFIX_PATH}:/opt/ros/lyrical DEBUGINFOD_URLS=https://debuginfod.ubuntu.com /usr/bin/cmake --build /home/ebrahim/Desktop/ros2/build/lunabotics_model -- -j6 -l6
[0.466s] Invoked command in '/home/ebrahim/Desktop/ros2/build/lunabotics_model' returned '0': CMAKE_PREFIX_PATH=${CMAKE_PREFIX_PATH}:/opt/ros/lyrical DEBUGINFOD_URLS=https://debuginfod.ubuntu.com /usr/bin/cmake --build /home/ebrahim/Desktop/ros2/build/lunabotics_model -- -j6 -l6
[0.476s] Invoking command in '/home/ebrahim/Desktop/ros2/build/lunabotics_model': CMAKE_PREFIX_PATH=${CMAKE_PREFIX_PATH}:/opt/ros/lyrical DEBUGINFOD_URLS=https://debuginfod.ubuntu.com /usr/bin/cmake --install /home/ebrahim/Desktop/ros2/build/lunabotics_model
[0.482s] -- Install configuration: ""
[0.482s] -- Installing: /home/ebrahim/Desktop/ros2/install/lunabotics_model/share/lunabotics_model/urdf
[0.482s] -- Installing: /home/ebrahim/Desktop/ros2/install/lunabotics_model/share/lunabotics_model/urdf/assembly_1.urdf
[0.484s] -- Installing: /home/ebrahim/Desktop/ros2/install/lunabotics_model/share/lunabotics_model/launch
[0.484s] -- Installing: /home/ebrahim/Desktop/ros2/install/lunabotics_model/share/lunabotics_model/launch/display.launch.py
[0.484s] -- Installing: /home/ebrahim/Desktop/ros2/install/lunabotics_model/share/lunabotics_model/meshes
[0.484s] -- Installing: /home/ebrahim/Desktop/ros2/install/lunabotics_model/share/lunabotics_model/meshes/_30___30___2.gltf
[0.499s] -- Installing: /home/ebrahim/Desktop/ros2/install/lunabotics_model/share/lunabotics_model/meshes/wheel.gltf
[0.593s] -- Installing: /home/ebrahim/Desktop/ros2/install/lunabotics_model/share/lunabotics_model/meshes/_57BLR70_24_02_HG50_P5.gltf
[0.595s] -- Installing: /home/ebrahim/Desktop/ros2/install/lunabotics_model/share/lunabotics_model/meshes/_57BLR50_24_01_P1_Back_Mirrored.gltf
[0.658s] -- Installing: /home/ebrahim/Desktop/ros2/install/lunabotics_model/share/lunabotics_model/meshes/_30___60___400.gltf
[0.680s] -- Installing: /home/ebrahim/Desktop/ros2/install/lunabotics_model/share/lunabotics_model/meshes/_40___40___1.gltf
[0.700s] -- Installing: /home/ebrahim/Desktop/ros2/install/lunabotics_model/share/lunabotics_model/meshes/flange.gltf
[0.710s] -- Installing: /home/ebrahim/Desktop/ros2/install/lunabotics_model/share/lunabotics_model/meshes/bucket.gltf
[0.711s] -- Installing: /home/ebrahim/Desktop/ros2/install/lunabotics_model/share/lunabotics_model/meshes/_30___30___700.gltf
[0.727s] -- Installing: /home/ebrahim/Desktop/ros2/install/lunabotics_model/share/lunabotics_model/meshes/_57BLR70_24_02_HG50_P2.gltf
[0.729s] -- Installing: /home/ebrahim/Desktop/ros2/install/lunabotics_model/share/lunabotics_model/meshes/wheel_Mirrored.gltf
[0.823s] -- Installing: /home/ebrahim/Desktop/ros2/install/lunabotics_model/share/lunabotics_model/meshes/_57BLR70_24_02_HG50_P6.gltf
[0.868s] -- Installing: /home/ebrahim/Desktop/ros2/install/lunabotics_model/share/lunabotics_model/meshes/_57BLR70_24_02_HG50_P3.gltf
[0.878s] -- Installing: /home/ebrahim/Desktop/ros2/install/lunabotics_model/share/lunabotics_model/meshes/_40___40___407.gltf
[0.900s] -- Installing: /home/ebrahim/Desktop/ros2/install/lunabotics_model/share/lunabotics_model/meshes/_30___30___403.gltf
[0.915s] -- Installing: /home/ebrahim/Desktop/ros2/install/lunabotics_model/share/lunabotics_model/meshes/_57BLR50_24_01_P1_Back.gltf
[0.978s] -- Installing: /home/ebrahim/Desktop/ros2/install/lunabotics_model/share/lunabotics_model/meshes/_57BLR70_24_02_HG50_P4.gltf
[0.988s] -- Installing: /home/ebrahim/Desktop/ros2/install/lunabotics_model/share/lunabotics_model/meshes/electronics.gltf
[0.989s] -- Installing: /home/ebrahim/Desktop/ros2/install/lunabotics_model/share/lunabotics_model/meshes/_30___30___1.gltf
[1.006s] -- Installing: /home/ebrahim/Desktop/ros2/install/lunabotics_model/share/lunabotics_model/rviz
[1.006s] -- Installing: /home/ebrahim/Desktop/ros2/install/lunabotics_model/share/ament_index/resource_index/package_run_dependencies/lunabotics_model
[1.006s] -- Installing: /home/ebrahim/Desktop/ros2/install/lunabotics_model/share/ament_index/resource_index/parent_prefix_path/lunabotics_model
[1.007s] -- Installing: /home/ebrahim/Desktop/ros2/install/lunabotics_model/share/lunabotics_model/environment/ament_prefix_path.sh
[1.007s] -- Installing: /home/ebrahim/Desktop/ros2/install/lunabotics_model/share/lunabotics_model/environment/ament_prefix_path.dsv
[1.007s] -- Installing: /home/ebrahim/Desktop/ros2/install/lunabotics_model/share/lunabotics_model/environment/path.sh
[1.007s] -- Installing: /home/ebrahim/Desktop/ros2/install/lunabotics_model/share/lunabotics_model/environment/path.dsv
[1.007s] -- Installing: /home/ebrahim/Desktop/ros2/install/lunabotics_model/share/lunabotics_model/local_setup.bash
[1.008s] -- Installing: /home/ebrahim/Desktop/ros2/install/lunabotics_model/share/lunabotics_model/local_setup.fish
[1.008s] -- Installing: /home/ebrahim/Desktop/ros2/install/lunabotics_model/share/lunabotics_model/local_setup.sh
[1.008s] -- Installing: /home/ebrahim/Desktop/ros2/install/lunabotics_model/share/lunabotics_model/local_setup.zsh
[1.008s] -- Installing: /home/ebrahim/Desktop/ros2/install/lunabotics_model/share/lunabotics_model/local_setup.dsv
[1.008s] -- Installing: /home/ebrahim/Desktop/ros2/install/lunabotics_model/share/lunabotics_model/package.dsv
[1.009s] -- Installing: /home/ebrahim/Desktop/ros2/install/lunabotics_model/share/ament_index/resource_index/packages/lunabotics_model
[1.009s] -- Installing: /home/ebrahim/Desktop/ros2/install/lunabotics_model/share/lunabotics_model/cmake/lunabotics_modelConfig.cmake
[1.009s] -- Installing: /home/ebrahim/Desktop/ros2/install/lunabotics_model/share/lunabotics_model/cmake/lunabotics_modelConfig-version.cmake
[1.009s] -- Installing: /home/ebrahim/Desktop/ros2/install/lunabotics_model/share/lunabotics_model/package.xml
[1.012s] Invoked command in '/home/ebrahim/Desktop/ros2/build/lunabotics_model' returned '0': CMAKE_PREFIX_PATH=${CMAKE_PREFIX_PATH}:/opt/ros/lyrical DEBUGINFOD_URLS=https://debuginfod.ubuntu.com /usr/bin/cmake --install /home/ebrahim/Desktop/ros2/build/lunabotics_model
