[0.023s] Invoking command in '/home/ros2/Documents/NASA/lunabotics_sim/build/lunabotics_model': CMAKE_PREFIX_PATH=${CMAKE_PREFIX_PATH}:/home/ros2/ws_lsr_nav2_v2/install/lsr_description:/home/ros2/lsr_ws/install/navigation:/home/ros2/lsr_ws/install/lsr_description:/opt/ros/jazzy DEBUGINFOD_URLS=https://debuginfod.ubuntu.com /usr/bin/cmake --build /home/ros2/Documents/NASA/lunabotics_sim/build/lunabotics_model -- -j8 -l8
[0.101s] Invoked command in '/home/ros2/Documents/NASA/lunabotics_sim/build/lunabotics_model' returned '0': CMAKE_PREFIX_PATH=${CMAKE_PREFIX_PATH}:/home/ros2/ws_lsr_nav2_v2/install/lsr_description:/home/ros2/lsr_ws/install/navigation:/home/ros2/lsr_ws/install/lsr_description:/opt/ros/jazzy DEBUGINFOD_URLS=https://debuginfod.ubuntu.com /usr/bin/cmake --build /home/ros2/Documents/NASA/lunabotics_sim/build/lunabotics_model -- -j8 -l8
[0.111s] Invoking command in '/home/ros2/Documents/NASA/lunabotics_sim/build/lunabotics_model': CMAKE_PREFIX_PATH=${CMAKE_PREFIX_PATH}:/home/ros2/ws_lsr_nav2_v2/install/lsr_description:/home/ros2/lsr_ws/install/navigation:/home/ros2/lsr_ws/install/lsr_description:/opt/ros/jazzy DEBUGINFOD_URLS=https://debuginfod.ubuntu.com /usr/bin/cmake --install /home/ros2/Documents/NASA/lunabotics_sim/build/lunabotics_model
[0.119s] -- Install configuration: ""
[0.120s] -- Execute custom install script
[0.121s] -- Up-to-date symlink: /home/ros2/Documents/NASA/lunabotics_sim/install/lunabotics_model/share/lunabotics_model/urdf/assembly_1.urdf
[0.122s] -- Symlinking: /home/ros2/Documents/NASA/lunabotics_sim/install/lunabotics_model/share/lunabotics_model/launch/__pycache__/moon.launch.cpython-312.pyc
[0.129s] -- Up-to-date symlink: /home/ros2/Documents/NASA/lunabotics_sim/install/lunabotics_model/share/lunabotics_model/launch/display.launch.py
[0.129s] -- Up-to-date symlink: /home/ros2/Documents/NASA/lunabotics_sim/install/lunabotics_model/share/lunabotics_model/launch/gazebo.launch.py
[0.129s] -- Up-to-date symlink: /home/ros2/Documents/NASA/lunabotics_sim/install/lunabotics_model/share/lunabotics_model/launch/moon.launch.py
[0.130s] -- Up-to-date symlink: /home/ros2/Documents/NASA/lunabotics_sim/install/lunabotics_model/share/lunabotics_model/meshes/_30___30___1.stl
[0.130s] -- Up-to-date symlink: /home/ros2/Documents/NASA/lunabotics_sim/install/lunabotics_model/share/lunabotics_model/meshes/_30___30___2.stl
[0.130s] -- Up-to-date symlink: /home/ros2/Documents/NASA/lunabotics_sim/install/lunabotics_model/share/lunabotics_model/meshes/_30___30___403.stl
[0.130s] -- Up-to-date symlink: /home/ros2/Documents/NASA/lunabotics_sim/install/lunabotics_model/share/lunabotics_model/meshes/_30___30___700.stl
[0.130s] -- Up-to-date symlink: /home/ros2/Documents/NASA/lunabotics_sim/install/lunabotics_model/share/lunabotics_model/meshes/_30___60___400.stl
[0.130s] -- Up-to-date symlink: /home/ros2/Documents/NASA/lunabotics_sim/install/lunabotics_model/share/lunabotics_model/meshes/_40___40___1.stl
[0.130s] -- Up-to-date symlink: /home/ros2/Documents/NASA/lunabotics_sim/install/lunabotics_model/share/lunabotics_model/meshes/_40___40___407.stl
[0.130s] -- Up-to-date symlink: /home/ros2/Documents/NASA/lunabotics_sim/install/lunabotics_model/share/lunabotics_model/meshes/_57BLR50_24_01_P1_Back.stl
[0.130s] -- Up-to-date symlink: /home/ros2/Documents/NASA/lunabotics_sim/install/lunabotics_model/share/lunabotics_model/meshes/_57BLR50_24_01_P1_Back_Mirrored.stl
[0.131s] -- Up-to-date symlink: /home/ros2/Documents/NASA/lunabotics_sim/install/lunabotics_model/share/lunabotics_model/meshes/_57BLR70_24_02_HG50_P2.stl
[0.131s] -- Up-to-date symlink: /home/ros2/Documents/NASA/lunabotics_sim/install/lunabotics_model/share/lunabotics_model/meshes/_57BLR70_24_02_HG50_P3.stl
[0.131s] -- Up-to-date symlink: /home/ros2/Documents/NASA/lunabotics_sim/install/lunabotics_model/share/lunabotics_model/meshes/_57BLR70_24_02_HG50_P4.stl
[0.131s] -- Up-to-date symlink: /home/ros2/Documents/NASA/lunabotics_sim/install/lunabotics_model/share/lunabotics_model/meshes/_57BLR70_24_02_HG50_P5.stl
[0.131s] -- Up-to-date symlink: /home/ros2/Documents/NASA/lunabotics_sim/install/lunabotics_model/share/lunabotics_model/meshes/_57BLR70_24_02_HG50_P6.stl
[0.131s] -- Up-to-date symlink: /home/ros2/Documents/NASA/lunabotics_sim/install/lunabotics_model/share/lunabotics_model/meshes/bucket.stl
[0.131s] -- Up-to-date symlink: /home/ros2/Documents/NASA/lunabotics_sim/install/lunabotics_model/share/lunabotics_model/meshes/electronics.stl
[0.131s] -- Up-to-date symlink: /home/ros2/Documents/NASA/lunabotics_sim/install/lunabotics_model/share/lunabotics_model/meshes/flange.stl
[0.131s] -- Up-to-date symlink: /home/ros2/Documents/NASA/lunabotics_sim/install/lunabotics_model/share/lunabotics_model/meshes/wheel.stl
[0.132s] -- Up-to-date symlink: /home/ros2/Documents/NASA/lunabotics_sim/install/lunabotics_model/share/lunabotics_model/meshes/wheel_Mirrored.stl
[0.132s] -- Up-to-date symlink: /home/ros2/Documents/NASA/lunabotics_sim/install/lunabotics_model/share/lunabotics_model/models/lunabotics_rover/model.config
[0.132s] -- Up-to-date symlink: /home/ros2/Documents/NASA/lunabotics_sim/install/lunabotics_model/share/lunabotics_model/worlds/lunabotics.world.sdf
[0.132s] -- Up-to-date symlink: /home/ros2/Documents/NASA/lunabotics_sim/install/lunabotics_model/share/lunabotics_model/models/lunabotics_rover/meshes/_30___30___1.stl
[0.132s] -- Up-to-date symlink: /home/ros2/Documents/NASA/lunabotics_sim/install/lunabotics_model/share/lunabotics_model/models/lunabotics_rover/meshes/_30___30___2.stl
[0.133s] -- Up-to-date symlink: /home/ros2/Documents/NASA/lunabotics_sim/install/lunabotics_model/share/lunabotics_model/models/lunabotics_rover/meshes/_30___30___403.stl
[0.133s] -- Up-to-date symlink: /home/ros2/Documents/NASA/lunabotics_sim/install/lunabotics_model/share/lunabotics_model/models/lunabotics_rover/meshes/_30___30___700.stl
[0.133s] -- Up-to-date symlink: /home/ros2/Documents/NASA/lunabotics_sim/install/lunabotics_model/share/lunabotics_model/models/lunabotics_rover/meshes/_30___60___400.stl
[0.133s] -- Up-to-date symlink: /home/ros2/Documents/NASA/lunabotics_sim/install/lunabotics_model/share/lunabotics_model/models/lunabotics_rover/meshes/_40___40___1.stl
[0.133s] -- Up-to-date symlink: /home/ros2/Documents/NASA/lunabotics_sim/install/lunabotics_model/share/lunabotics_model/models/lunabotics_rover/meshes/_40___40___407.stl
[0.133s] -- Up-to-date symlink: /home/ros2/Documents/NASA/lunabotics_sim/install/lunabotics_model/share/lunabotics_model/models/lunabotics_rover/meshes/_57BLR50_24_01_P1_Back.stl
[0.133s] -- Up-to-date symlink: /home/ros2/Documents/NASA/lunabotics_sim/install/lunabotics_model/share/lunabotics_model/models/lunabotics_rover/meshes/_57BLR50_24_01_P1_Back_Mirrored.stl
[0.133s] -- Up-to-date symlink: /home/ros2/Documents/NASA/lunabotics_sim/install/lunabotics_model/share/lunabotics_model/models/lunabotics_rover/meshes/_57BLR70_24_02_HG50_P2.stl
[0.133s] -- Up-to-date symlink: /home/ros2/Documents/NASA/lunabotics_sim/install/lunabotics_model/share/lunabotics_model/models/lunabotics_rover/meshes/_57BLR70_24_02_HG50_P3.stl
[0.134s] -- Up-to-date symlink: /home/ros2/Documents/NASA/lunabotics_sim/install/lunabotics_model/share/lunabotics_model/models/lunabotics_rover/meshes/_57BLR70_24_02_HG50_P4.stl
[0.134s] -- Up-to-date symlink: /home/ros2/Documents/NASA/lunabotics_sim/install/lunabotics_model/share/lunabotics_model/models/lunabotics_rover/meshes/_57BLR70_24_02_HG50_P5.stl
[0.134s] -- Up-to-date symlink: /home/ros2/Documents/NASA/lunabotics_sim/install/lunabotics_model/share/lunabotics_model/models/lunabotics_rover/meshes/_57BLR70_24_02_HG50_P6.stl
[0.134s] -- Up-to-date symlink: /home/ros2/Documents/NASA/lunabotics_sim/install/lunabotics_model/share/lunabotics_model/models/lunabotics_rover/meshes/bucket.stl
[0.134s] -- Up-to-date symlink: /home/ros2/Documents/NASA/lunabotics_sim/install/lunabotics_model/share/lunabotics_model/models/lunabotics_rover/meshes/electronics.stl
[0.134s] -- Up-to-date symlink: /home/ros2/Documents/NASA/lunabotics_sim/install/lunabotics_model/share/lunabotics_model/models/lunabotics_rover/meshes/flange.stl
[0.134s] -- Up-to-date symlink: /home/ros2/Documents/NASA/lunabotics_sim/install/lunabotics_model/share/lunabotics_model/models/lunabotics_rover/meshes/wheel.stl
[0.134s] -- Up-to-date symlink: /home/ros2/Documents/NASA/lunabotics_sim/install/lunabotics_model/share/lunabotics_model/models/lunabotics_rover/meshes/wheel_Mirrored.stl
[0.134s] -- Up-to-date symlink: /home/ros2/Documents/NASA/lunabotics_sim/install/lunabotics_model/share/lunabotics_model/models/lunabotics_rover/model.sdf
[0.135s] -- Up-to-date symlink: /home/ros2/Documents/NASA/lunabotics_sim/install/lunabotics_model/share/ament_index/resource_index/package_run_dependencies/lunabotics_model
[0.135s] -- Up-to-date symlink: /home/ros2/Documents/NASA/lunabotics_sim/install/lunabotics_model/share/ament_index/resource_index/parent_prefix_path/lunabotics_model
[0.135s] -- Up-to-date symlink: /home/ros2/Documents/NASA/lunabotics_sim/install/lunabotics_model/share/lunabotics_model/environment/ament_prefix_path.sh
[0.135s] -- Up-to-date symlink: /home/ros2/Documents/NASA/lunabotics_sim/install/lunabotics_model/share/lunabotics_model/environment/ament_prefix_path.dsv
[0.135s] -- Up-to-date symlink: /home/ros2/Documents/NASA/lunabotics_sim/install/lunabotics_model/share/lunabotics_model/environment/path.sh
[0.135s] -- Up-to-date symlink: /home/ros2/Documents/NASA/lunabotics_sim/install/lunabotics_model/share/lunabotics_model/environment/path.dsv
[0.135s] -- Up-to-date symlink: /home/ros2/Documents/NASA/lunabotics_sim/install/lunabotics_model/share/lunabotics_model/local_setup.bash
[0.136s] -- Up-to-date symlink: /home/ros2/Documents/NASA/lunabotics_sim/install/lunabotics_model/share/lunabotics_model/local_setup.sh
[0.136s] -- Up-to-date symlink: /home/ros2/Documents/NASA/lunabotics_sim/install/lunabotics_model/share/lunabotics_model/local_setup.zsh
[0.136s] -- Up-to-date symlink: /home/ros2/Documents/NASA/lunabotics_sim/install/lunabotics_model/share/lunabotics_model/local_setup.dsv
[0.136s] -- Symlinking: /home/ros2/Documents/NASA/lunabotics_sim/install/lunabotics_model/share/lunabotics_model/package.dsv
[0.143s] -- Up-to-date symlink: /home/ros2/Documents/NASA/lunabotics_sim/install/lunabotics_model/share/ament_index/resource_index/packages/lunabotics_model
[0.143s] -- Up-to-date symlink: /home/ros2/Documents/NASA/lunabotics_sim/install/lunabotics_model/share/lunabotics_model/cmake/lunabotics_modelConfig.cmake
[0.144s] -- Up-to-date symlink: /home/ros2/Documents/NASA/lunabotics_sim/install/lunabotics_model/share/lunabotics_model/cmake/lunabotics_modelConfig-version.cmake
[0.144s] -- Up-to-date symlink: /home/ros2/Documents/NASA/lunabotics_sim/install/lunabotics_model/share/lunabotics_model/package.xml
[0.145s] Invoked command in '/home/ros2/Documents/NASA/lunabotics_sim/build/lunabotics_model' returned '0': CMAKE_PREFIX_PATH=${CMAKE_PREFIX_PATH}:/home/ros2/ws_lsr_nav2_v2/install/lsr_description:/home/ros2/lsr_ws/install/navigation:/home/ros2/lsr_ws/install/lsr_description:/opt/ros/jazzy DEBUGINFOD_URLS=https://debuginfod.ubuntu.com /usr/bin/cmake --install /home/ros2/Documents/NASA/lunabotics_sim/build/lunabotics_model
