[0.017s] Invoking command in '/home/ebrahim/Desktop/ros2/build/lunabotics_model': CMAKE_PREFIX_PATH=${CMAKE_PREFIX_PATH}:/opt/ros/lyrical DEBUGINFOD_URLS=https://debuginfod.ubuntu.com /usr/bin/cmake /home/ebrahim/Desktop/ros2/src/lunabotics_model -DCMAKE_INSTALL_PREFIX=/home/ebrahim/Desktop/ros2/install/lunabotics_model
[1.349s] -- The C compiler identification is GNU 15.2.0
[2.391s] -- The CXX compiler identification is GNU 15.2.0
[2.421s] -- Detecting C compiler ABI info
[2.536s] -- Detecting C compiler ABI info - done
[2.551s] -- Check for working C compiler: /usr/bin/cc - skipped
[2.552s] -- Detecting C compile features
[2.553s] -- Detecting C compile features - done
[2.572s] -- Detecting CXX compiler ABI info
[2.661s] -- Detecting CXX compiler ABI info - done
[2.677s] -- Check for working CXX compiler: /usr/bin/c++ - skipped
[2.677s] -- Detecting CXX compile features
[2.678s] -- Detecting CXX compile features - done
[2.725s] -- Found ament_cmake: 2.8.7 (/opt/ros/lyrical/share/ament_cmake/cmake)
[3.090s] -- Found urdf: 2.13.2 (/opt/ros/lyrical/share/urdf/cmake)
[3.127s] [31mCMake Error at CMakeLists.txt:11 (find_package):
[3.128s]   By not providing "Findxacro.cmake" in CMAKE_MODULE_PATH this project has
[3.128s]   asked CMake to find a package configuration file provided by "xacro", but
[3.128s]   CMake did not find one.
[3.128s] 
[3.128s]   Could not find a package configuration file provided by "xacro" with any of
[3.128s]   the following names:
[3.128s] 
[3.128s]     xacroConfig.cmake
[3.128s]     xacro-config.cmake
[3.128s] 
[3.128s]   Add the installation prefix of "xacro" to CMAKE_PREFIX_PATH or set
[3.128s]   "xacro_DIR" to a directory containing one of the above files.  If "xacro"
[3.129s]   provides a separate development package or SDK, be sure it has been
[3.129s]   installed.
[3.129s] 
[3.129s] [0m
[3.129s] -- Configuring incomplete, errors occurred!
[3.133s] Invoked command in '/home/ebrahim/Desktop/ros2/build/lunabotics_model' returned '1': CMAKE_PREFIX_PATH=${CMAKE_PREFIX_PATH}:/opt/ros/lyrical DEBUGINFOD_URLS=https://debuginfod.ubuntu.com /usr/bin/cmake /home/ebrahim/Desktop/ros2/src/lunabotics_model -DCMAKE_INSTALL_PREFIX=/home/ebrahim/Desktop/ros2/install/lunabotics_model
