-- Found ament_cmake: 2.5.5 (/opt/ros/jazzy/share/ament_cmake/cmake)
-- Found ament_lint_auto: 0.17.4 (/opt/ros/jazzy/share/ament_lint_auto/cmake)
-- Added test 'flake8' to check Python code syntax and style conventions
-- Configured 'flake8' exclude dirs and/or files: 
-- Added test 'lint_cmake' to check CMake code style
-- Added test 'pep257' to check Python code against some of the docstring style conventions in PEP 257
-- Added test 'xmllint' to check XML markup files
-- Configuring done (0.3s)
-- Generating done (0.0s)
-- Build files have been written to: /home/ros2/Documents/NASA/lunabotics_sim/build/lunabotics_model
-- Install configuration: ""
-- Up-to-date: /home/ros2/Documents/NASA/lunabotics_sim/install/lunabotics_model/share/lunabotics_model/urdf
-- Up-to-date: /home/ros2/Documents/NASA/lunabotics_sim/install/lunabotics_model/share/lunabotics_model/urdf/assembly_1.urdf
-- Up-to-date: /home/ros2/Documents/NASA/lunabotics_sim/install/lunabotics_model/share/lunabotics_model/launch
-- Installing: /home/ros2/Documents/NASA/lunabotics_sim/install/lunabotics_model/share/lunabotics_model/launch/gazebo.launch.py
-- Up-to-date: /home/ros2/Documents/NASA/lunabotics_sim/install/lunabotics_model/share/lunabotics_model/launch/display.launch.py
-- Up-to-date: /home/ros2/Documents/NASA/lunabotics_sim/install/lunabotics_model/share/lunabotics_model/meshes
-- Up-to-date: /home/ros2/Documents/NASA/lunabotics_sim/install/lunabotics_model/share/lunabotics_model/meshes/_30___30___1.stl
-- Up-to-date: /home/ros2/Documents/NASA/lunabotics_sim/install/lunabotics_model/share/lunabotics_model/meshes/_40___40___407.stl
-- Up-to-date: /home/ros2/Documents/NASA/lunabotics_sim/install/lunabotics_model/share/lunabotics_model/meshes/_57BLR70_24_02_HG50_P6.stl
-- Up-to-date: /home/ros2/Documents/NASA/lunabotics_sim/install/lunabotics_model/share/lunabotics_model/meshes/_57BLR70_24_02_HG50_P3.stl
-- Up-to-date: /home/ros2/Documents/NASA/lunabotics_sim/install/lunabotics_model/share/lunabotics_model/meshes/wheel.stl
-- Up-to-date: /home/ros2/Documents/NASA/lunabotics_sim/install/lunabotics_model/share/lunabotics_model/meshes/_30___60___400.stl
-- Up-to-date: /home/ros2/Documents/NASA/lunabotics_sim/install/lunabotics_model/share/lunabotics_model/meshes/wheel_Mirrored.stl
-- Up-to-date: /home/ros2/Documents/NASA/lunabotics_sim/install/lunabotics_model/share/lunabotics_model/meshes/_40___40___1.stl
-- Up-to-date: /home/ros2/Documents/NASA/lunabotics_sim/install/lunabotics_model/share/lunabotics_model/meshes/flange.stl
-- Up-to-date: /home/ros2/Documents/NASA/lunabotics_sim/install/lunabotics_model/share/lunabotics_model/meshes/_30___30___700.stl
-- Up-to-date: /home/ros2/Documents/NASA/lunabotics_sim/install/lunabotics_model/share/lunabotics_model/meshes/_57BLR70_24_02_HG50_P5.stl
-- Up-to-date: /home/ros2/Documents/NASA/lunabotics_sim/install/lunabotics_model/share/lunabotics_model/meshes/_30___30___2.stl
-- Up-to-date: /home/ros2/Documents/NASA/lunabotics_sim/install/lunabotics_model/share/lunabotics_model/meshes/_57BLR70_24_02_HG50_P2.stl
-- Up-to-date: /home/ros2/Documents/NASA/lunabotics_sim/install/lunabotics_model/share/lunabotics_model/meshes/electronics.stl
-- Up-to-date: /home/ros2/Documents/NASA/lunabotics_sim/install/lunabotics_model/share/lunabotics_model/meshes/_57BLR70_24_02_HG50_P4.stl
-- Up-to-date: /home/ros2/Documents/NASA/lunabotics_sim/install/lunabotics_model/share/lunabotics_model/meshes/_57BLR50_24_01_P1_Back.stl
-- Up-to-date: /home/ros2/Documents/NASA/lunabotics_sim/install/lunabotics_model/share/lunabotics_model/meshes/_57BLR50_24_01_P1_Back_Mirrored.stl
-- Up-to-date: /home/ros2/Documents/NASA/lunabotics_sim/install/lunabotics_model/share/lunabotics_model/meshes/bucket.stl
-- Up-to-date: /home/ros2/Documents/NASA/lunabotics_sim/install/lunabotics_model/share/lunabotics_model/meshes/_30___30___403.stl
-- Installing: /home/ros2/Documents/NASA/lunabotics_sim/install/lunabotics_model/share/lunabotics_model/models
-- Installing: /home/ros2/Documents/NASA/lunabotics_sim/install/lunabotics_model/share/lunabotics_model/models/lunabotics_rover
-- Installing: /home/ros2/Documents/NASA/lunabotics_sim/install/lunabotics_model/share/lunabotics_model/models/lunabotics_rover/model.config
-- Installing: /home/ros2/Documents/NASA/lunabotics_sim/install/lunabotics_model/share/lunabotics_model/models/lunabotics_rover/model.sdf
-- Installing: /home/ros2/Documents/NASA/lunabotics_sim/install/lunabotics_model/share/lunabotics_model/worlds
-- Installing: /home/ros2/Documents/NASA/lunabotics_sim/install/lunabotics_model/share/lunabotics_model/worlds/lunabotics.world.sdf
-- Installing: /home/ros2/Documents/NASA/lunabotics_sim/install/lunabotics_model/share/lunabotics_model/models/lunabotics_rover/meshes
-- Installing: /home/ros2/Documents/NASA/lunabotics_sim/install/lunabotics_model/share/lunabotics_model/models/lunabotics_rover/meshes/_30___30___1.stl
-- Installing: /home/ros2/Documents/NASA/lunabotics_sim/install/lunabotics_model/share/lunabotics_model/models/lunabotics_rover/meshes/_40___40___407.stl
-- Installing: /home/ros2/Documents/NASA/lunabotics_sim/install/lunabotics_model/share/lunabotics_model/models/lunabotics_rover/meshes/_57BLR70_24_02_HG50_P6.stl
-- Installing: /home/ros2/Documents/NASA/lunabotics_sim/install/lunabotics_model/share/lunabotics_model/models/lunabotics_rover/meshes/_57BLR70_24_02_HG50_P3.stl
-- Installing: /home/ros2/Documents/NASA/lunabotics_sim/install/lunabotics_model/share/lunabotics_model/models/lunabotics_rover/meshes/wheel.stl
-- Installing: /home/ros2/Documents/NASA/lunabotics_sim/install/lunabotics_model/share/lunabotics_model/models/lunabotics_rover/meshes/_30___60___400.stl
-- Installing: /home/ros2/Documents/NASA/lunabotics_sim/install/lunabotics_model/share/lunabotics_model/models/lunabotics_rover/meshes/wheel_Mirrored.stl
-- Installing: /home/ros2/Documents/NASA/lunabotics_sim/install/lunabotics_model/share/lunabotics_model/models/lunabotics_rover/meshes/_40___40___1.stl
-- Installing: /home/ros2/Documents/NASA/lunabotics_sim/install/lunabotics_model/share/lunabotics_model/models/lunabotics_rover/meshes/flange.stl
-- Installing: /home/ros2/Documents/NASA/lunabotics_sim/install/lunabotics_model/share/lunabotics_model/models/lunabotics_rover/meshes/_30___30___700.stl
-- Installing: /home/ros2/Documents/NASA/lunabotics_sim/install/lunabotics_model/share/lunabotics_model/models/lunabotics_rover/meshes/_57BLR70_24_02_HG50_P5.stl
-- Installing: /home/ros2/Documents/NASA/lunabotics_sim/install/lunabotics_model/share/lunabotics_model/models/lunabotics_rover/meshes/_30___30___2.stl
-- Installing: /home/ros2/Documents/NASA/lunabotics_sim/install/lunabotics_model/share/lunabotics_model/models/lunabotics_rover/meshes/_57BLR70_24_02_HG50_P2.stl
-- Installing: /home/ros2/Documents/NASA/lunabotics_sim/install/lunabotics_model/share/lunabotics_model/models/lunabotics_rover/meshes/electronics.stl
-- Installing: /home/ros2/Documents/NASA/lunabotics_sim/install/lunabotics_model/share/lunabotics_model/models/lunabotics_rover/meshes/_57BLR70_24_02_HG50_P4.stl
-- Installing: /home/ros2/Documents/NASA/lunabotics_sim/install/lunabotics_model/share/lunabotics_model/models/lunabotics_rover/meshes/_57BLR50_24_01_P1_Back.stl
-- Installing: /home/ros2/Documents/NASA/lunabotics_sim/install/lunabotics_model/share/lunabotics_model/models/lunabotics_rover/meshes/_57BLR50_24_01_P1_Back_Mirrored.stl
-- Installing: /home/ros2/Documents/NASA/lunabotics_sim/install/lunabotics_model/share/lunabotics_model/models/lunabotics_rover/meshes/bucket.stl
-- Installing: /home/ros2/Documents/NASA/lunabotics_sim/install/lunabotics_model/share/lunabotics_model/models/lunabotics_rover/meshes/_30___30___403.stl
-- Installing: /home/ros2/Documents/NASA/lunabotics_sim/install/lunabotics_model/share/ament_index/resource_index/package_run_dependencies/lunabotics_model
-- Up-to-date: /home/ros2/Documents/NASA/lunabotics_sim/install/lunabotics_model/share/ament_index/resource_index/parent_prefix_path/lunabotics_model
-- Up-to-date: /home/ros2/Documents/NASA/lunabotics_sim/install/lunabotics_model/share/lunabotics_model/environment/ament_prefix_path.sh
-- Up-to-date: /home/ros2/Documents/NASA/lunabotics_sim/install/lunabotics_model/share/lunabotics_model/environment/ament_prefix_path.dsv
-- Up-to-date: /home/ros2/Documents/NASA/lunabotics_sim/install/lunabotics_model/share/lunabotics_model/environment/path.sh
-- Up-to-date: /home/ros2/Documents/NASA/lunabotics_sim/install/lunabotics_model/share/lunabotics_model/environment/path.dsv
-- Up-to-date: /home/ros2/Documents/NASA/lunabotics_sim/install/lunabotics_model/share/lunabotics_model/local_setup.bash
-- Up-to-date: /home/ros2/Documents/NASA/lunabotics_sim/install/lunabotics_model/share/lunabotics_model/local_setup.sh
-- Up-to-date: /home/ros2/Documents/NASA/lunabotics_sim/install/lunabotics_model/share/lunabotics_model/local_setup.zsh
-- Up-to-date: /home/ros2/Documents/NASA/lunabotics_sim/install/lunabotics_model/share/lunabotics_model/local_setup.dsv
-- Installing: /home/ros2/Documents/NASA/lunabotics_sim/install/lunabotics_model/share/lunabotics_model/package.dsv
-- Up-to-date: /home/ros2/Documents/NASA/lunabotics_sim/install/lunabotics_model/share/ament_index/resource_index/packages/lunabotics_model
-- Up-to-date: /home/ros2/Documents/NASA/lunabotics_sim/install/lunabotics_model/share/lunabotics_model/cmake/lunabotics_modelConfig.cmake
-- Up-to-date: /home/ros2/Documents/NASA/lunabotics_sim/install/lunabotics_model/share/lunabotics_model/cmake/lunabotics_modelConfig-version.cmake
-- Installing: /home/ros2/Documents/NASA/lunabotics_sim/install/lunabotics_model/share/lunabotics_model/package.xml
