-- Found ament_cmake: 2.8.7 (/opt/ros/lyrical/share/ament_cmake/cmake)
-- Found urdf: 2.13.2 (/opt/ros/lyrical/share/urdf/cmake)
-- Found robot_state_publisher: 3.5.5 (/opt/ros/lyrical/share/robot_state_publisher/cmake)
-- Found rosidl_generator_c: 5.2.1 (/opt/ros/lyrical/share/rosidl_generator_c/cmake)
-- Found rosidl_generator_cpp: 5.2.1 (/opt/ros/lyrical/share/rosidl_generator_cpp/cmake)
-- Using all available rosidl_typesupport_c: rosidl_typesupport_fastrtps_c;rosidl_typesupport_introspection_c
-- Using all available rosidl_typesupport_cpp: rosidl_typesupport_fastrtps_cpp;rosidl_typesupport_introspection_cpp
-- Found rmw_implementation_cmake: 7.10.1 (/opt/ros/lyrical/share/rmw_implementation_cmake/cmake)
-- Found rmw_fastrtps_cpp: 9.4.8 (/opt/ros/lyrical/share/rmw_fastrtps_cpp/cmake)
-- Using RMW implementation 'rmw_fastrtps_cpp' as default
[31mCMake Error at CMakeLists.txt:12 (find_package):
  By not providing "Findjoint_state_publisher_gui.cmake" in CMAKE_MODULE_PATH
  this project has asked CMake to find a package configuration file provided
  by "joint_state_publisher_gui", but CMake did not find one.

  Could not find a package configuration file provided by
  "joint_state_publisher_gui" with any of the following names:

    joint_state_publisher_guiConfig.cmake
    joint_state_publisher_gui-config.cmake

  Add the installation prefix of "joint_state_publisher_gui" to
  CMAKE_PREFIX_PATH or set "joint_state_publisher_gui_DIR" to a directory
  containing one of the above files.  If "joint_state_publisher_gui" provides
  a separate development package or SDK, be sure it has been installed.

[0m
-- Configuring incomplete, errors occurred!
